0 verbose cli C:\Program Files\nodejs\node.exe C:\Program Files\nodejs\node_modules\npm\bin\npm-cli.js
1 info using npm@11.11.0
2 info using node@v24.14.1
3 silly config load:file:C:\Program Files\nodejs\node_modules\npm\npmrc
4 silly config load:file:C:\Projects\Canvas Kits\Fox Fall\tmp\vector-tools\.npmrc
5 silly config load:file:C:\Users\mikem\.npmrc
6 silly config load:file:C:\Projects\Canvas Kits\Fox Fall\tmp\vector-tools\etc\npmrc
7 verbose title npm install potrace@2.1.8 @resvg/resvg-js@2.6.2
8 verbose argv "install" "--prefix" "Fox Fall/tmp/vector-tools" "--cache" "Fox Fall/tmp/vector-tools/npm-cache" "--ignore-scripts" "--no-audit" "--no-fund" "potrace@2.1.8" "@resvg/resvg-js@2.6.2"
9 verbose logfile logs-max:10 dir:C:\Projects\Canvas Kits\Fox Fall\tmp\vector-tools\npm-cache\_logs\2026-09-19T21_23_38_548Z-
10 verbose logfile C:\Projects\Canvas Kits\Fox Fall\tmp\vector-tools\npm-cache\_logs\2026-09-19T21_23_38_548Z-debug-0.log
11 silly logfile done cleaning log files
12 silly packumentCache heap:2348810240 maxSize:587202560 maxEntrySize:293601280
13 silly idealTree buildDeps
14 silly fetch manifest potrace@2.1.8
15 silly packumentCache full:https://registry.npmjs.org/potrace cache-miss
16 http fetch GET https://registry.npmjs.org/npm attempt 1 failed with EACCES
17 http fetch GET https://registry.npmjs.org/potrace attempt 1 failed with EACCES
18 http fetch GET https://registry.npmjs.org/npm attempt 2 failed with EACCES
19 http fetch GET https://registry.npmjs.org/potrace attempt 2 failed with EACCES
