0 verbose cli C:\Program Files\nodejs\node.exe C:\Program Files\nodejs\node_modules\npm\bin\npm-cli.js
1 info using npm@11.11.0
2 info using node@v24.14.1
3 silly config load:file:C:\Program Files\nodejs\node_modules\npm\npmrc
4 silly config load:file:C:\Projects\Canvas Kits\Fox Fall\tmp\vector-tools\.npmrc
5 silly config load:file:C:\Users\mikem\.npmrc
6 silly config load:file:C:\Projects\Canvas Kits\Fox Fall\tmp\vector-tools\etc\npmrc
7 verbose title npm install potrace@2.1.8 @resvg/resvg-js@2.6.2
8 verbose argv "install" "--prefix" "Fox Fall/tmp/vector-tools" "--cache" "Fox Fall/tmp/vector-tools/npm-cache" "--ignore-scripts" "--no-audit" "--no-fund" "--fetch-retries" "0" "potrace@2.1.8" "@resvg/resvg-js@2.6.2"
9 verbose logfile logs-max:10 dir:C:\Projects\Canvas Kits\Fox Fall\tmp\vector-tools\npm-cache\_logs\2026-09-19T21_24_43_023Z-
10 verbose logfile C:\Projects\Canvas Kits\Fox Fall\tmp\vector-tools\npm-cache\_logs\2026-09-19T21_24_43_023Z-debug-0.log
11 silly logfile done cleaning log files
12 silly packumentCache heap:2348810240 maxSize:587202560 maxEntrySize:293601280
13 silly idealTree buildDeps
14 silly fetch manifest potrace@2.1.8
15 silly packumentCache full:https://registry.npmjs.org/potrace cache-miss
16 http fetch GET 200 https://registry.npmjs.org/potrace 142ms (cache miss)
17 silly packumentCache full:https://registry.npmjs.org/potrace set size:undefined disposed:false
18 silly fetch manifest @resvg/resvg-js@2.6.2
19 silly packumentCache full:https://registry.npmjs.org/@resvg%2fresvg-js cache-miss
20 http fetch GET 200 https://registry.npmjs.org/@resvg%2fresvg-js 65ms (cache miss)
21 silly packumentCache full:https://registry.npmjs.org/@resvg%2fresvg-js set size:undefined disposed:false
22 silly placeDep ROOT @resvg/resvg-js@2.6.2 OK for:  want: 2.6.2
23 silly placeDep ROOT potrace@2.1.8 OK for:  want: 2.1.8
24 silly fetch manifest @resvg/resvg-js-darwin-x64@2.6.2
25 silly packumentCache full:https://registry.npmjs.org/@resvg%2fresvg-js-darwin-x64 cache-miss
26 silly fetch manifest @resvg/resvg-js-darwin-arm64@2.6.2
27 silly packumentCache full:https://registry.npmjs.org/@resvg%2fresvg-js-darwin-arm64 cache-miss
28 silly fetch manifest @resvg/resvg-js-android-arm64@2.6.2
29 silly packumentCache full:https://registry.npmjs.org/@resvg%2fresvg-js-android-arm64 cache-miss
30 silly fetch manifest @resvg/resvg-js-linux-x64-gnu@2.6.2
31 silly packumentCache full:https://registry.npmjs.org/@resvg%2fresvg-js-linux-x64-gnu cache-miss
32 silly fetch manifest @resvg/resvg-js-linux-x64-musl@2.6.2
33 silly packumentCache full:https://registry.npmjs.org/@resvg%2fresvg-js-linux-x64-musl cache-miss
34 silly fetch manifest @resvg/resvg-js-win32-x64-msvc@2.6.2
35 silly packumentCache full:https://registry.npmjs.org/@resvg%2fresvg-js-win32-x64-msvc cache-miss
36 silly fetch manifest @resvg/resvg-js-linux-arm64-gnu@2.6.2
37 silly packumentCache full:https://registry.npmjs.org/@resvg%2fresvg-js-linux-arm64-gnu cache-miss
38 http fetch GET 200 https://registry.npmjs.org/@resvg%2fresvg-js-darwin-x64 57ms (cache miss)
39 silly packumentCache full:https://registry.npmjs.org/@resvg%2fresvg-js-darwin-x64 set size:undefined disposed:false
40 silly fetch manifest @resvg/resvg-js-win32-ia32-msvc@2.6.2
41 silly packumentCache full:https://registry.npmjs.org/@resvg%2fresvg-js-win32-ia32-msvc cache-miss
42 http fetch GET 200 https://registry.npmjs.org/@resvg%2fresvg-js-win32-x64-msvc 96ms (cache miss)
43 silly packumentCache full:https://registry.npmjs.org/@resvg%2fresvg-js-win32-x64-msvc set size:undefined disposed:false
44 silly fetch manifest @resvg/resvg-js-android-arm-eabi@2.6.2
45 silly packumentCache full:https://registry.npmjs.org/@resvg%2fresvg-js-android-arm-eabi cache-miss
46 http fetch GET 200 https://registry.npmjs.org/@resvg%2fresvg-js-linux-x64-musl 115ms (cache miss)
47 silly packumentCache full:https://registry.npmjs.org/@resvg%2fresvg-js-linux-x64-musl set size:undefined disposed:false
48 silly fetch manifest @resvg/resvg-js-linux-arm64-musl@2.6.2
49 silly packumentCache full:https://registry.npmjs.org/@resvg%2fresvg-js-linux-arm64-musl cache-miss
50 http fetch GET 200 https://registry.npmjs.org/@resvg%2fresvg-js-linux-arm64-gnu 117ms (cache miss)
51 silly packumentCache full:https://registry.npmjs.org/@resvg%2fresvg-js-linux-arm64-gnu set size:undefined disposed:false
52 silly fetch manifest @resvg/resvg-js-win32-arm64-msvc@2.6.2
53 silly packumentCache full:https://registry.npmjs.org/@resvg%2fresvg-js-win32-arm64-msvc cache-miss
54 http fetch GET 200 https://registry.npmjs.org/@resvg%2fresvg-js-darwin-arm64 125ms (cache miss)
55 silly packumentCache full:https://registry.npmjs.org/@resvg%2fresvg-js-darwin-arm64 set size:undefined disposed:false
56 silly fetch manifest @resvg/resvg-js-linux-arm-gnueabihf@2.6.2
57 silly packumentCache full:https://registry.npmjs.org/@resvg%2fresvg-js-linux-arm-gnueabihf cache-miss
58 http fetch GET 200 https://registry.npmjs.org/@resvg%2fresvg-js-linux-x64-gnu 129ms (cache miss)
59 silly packumentCache full:https://registry.npmjs.org/@resvg%2fresvg-js-linux-x64-gnu set size:undefined disposed:false
60 silly fetch manifest jimp@^0.14.0
61 silly packumentCache full:https://registry.npmjs.org/jimp cache-miss
62 http fetch GET 200 https://registry.npmjs.org/@resvg%2fresvg-js-win32-ia32-msvc 75ms (cache miss)
63 silly packumentCache full:https://registry.npmjs.org/@resvg%2fresvg-js-win32-ia32-msvc set size:undefined disposed:false
64 http fetch GET 200 https://registry.npmjs.org/@resvg%2fresvg-js-android-arm64 134ms (cache miss)
65 silly packumentCache full:https://registry.npmjs.org/@resvg%2fresvg-js-android-arm64 set size:undefined disposed:false
66 http fetch GET 200 https://registry.npmjs.org/@resvg%2fresvg-js-android-arm-eabi 42ms (cache miss)
67 silly packumentCache full:https://registry.npmjs.org/@resvg%2fresvg-js-android-arm-eabi set size:undefined disposed:false
68 http fetch GET 200 https://registry.npmjs.org/@resvg%2fresvg-js-linux-arm64-musl 49ms (cache miss)
69 silly packumentCache full:https://registry.npmjs.org/@resvg%2fresvg-js-linux-arm64-musl set size:undefined disposed:false
70 http fetch GET 200 https://registry.npmjs.org/@resvg%2fresvg-js-win32-arm64-msvc 48ms (cache miss)
71 silly packumentCache full:https://registry.npmjs.org/@resvg%2fresvg-js-win32-arm64-msvc set size:undefined disposed:false
72 http fetch GET 200 https://registry.npmjs.org/@resvg%2fresvg-js-linux-arm-gnueabihf 46ms (cache miss)
73 silly packumentCache full:https://registry.npmjs.org/@resvg%2fresvg-js-linux-arm-gnueabihf set size:undefined disposed:false
74 http fetch GET 200 https://registry.npmjs.org/jimp 96ms (cache miss)
75 silly packumentCache full:https://registry.npmjs.org/jimp set size:undefined disposed:false
76 silly placeDep ROOT @resvg/resvg-js-android-arm-eabi@2.6.2 OK for: @resvg/resvg-js@2.6.2 want: 2.6.2
77 silly placeDep ROOT @resvg/resvg-js-android-arm64@2.6.2 OK for: @resvg/resvg-js@2.6.2 want: 2.6.2
78 silly placeDep ROOT @resvg/resvg-js-darwin-arm64@2.6.2 OK for: @resvg/resvg-js@2.6.2 want: 2.6.2
79 silly placeDep ROOT @resvg/resvg-js-darwin-x64@2.6.2 OK for: @resvg/resvg-js@2.6.2 want: 2.6.2
80 silly placeDep ROOT @resvg/resvg-js-linux-arm-gnueabihf@2.6.2 OK for: @resvg/resvg-js@2.6.2 want: 2.6.2
81 silly placeDep ROOT @resvg/resvg-js-linux-arm64-gnu@2.6.2 OK for: @resvg/resvg-js@2.6.2 want: 2.6.2
82 silly placeDep ROOT @resvg/resvg-js-linux-arm64-musl@2.6.2 OK for: @resvg/resvg-js@2.6.2 want: 2.6.2
83 silly placeDep ROOT @resvg/resvg-js-linux-x64-gnu@2.6.2 OK for: @resvg/resvg-js@2.6.2 want: 2.6.2
84 silly placeDep ROOT @resvg/resvg-js-linux-x64-musl@2.6.2 OK for: @resvg/resvg-js@2.6.2 want: 2.6.2
85 silly placeDep ROOT @resvg/resvg-js-win32-arm64-msvc@2.6.2 OK for: @resvg/resvg-js@2.6.2 want: 2.6.2
86 silly placeDep ROOT @resvg/resvg-js-win32-ia32-msvc@2.6.2 OK for: @resvg/resvg-js@2.6.2 want: 2.6.2
87 silly placeDep ROOT @resvg/resvg-js-win32-x64-msvc@2.6.2 OK for: @resvg/resvg-js@2.6.2 want: 2.6.2
88 silly placeDep ROOT jimp@0.14.0 OK for: potrace@2.1.8 want: ^0.14.0
89 silly fetch manifest @jimp/types@^0.14.0
90 silly packumentCache full:https://registry.npmjs.org/@jimp%2ftypes cache-miss
91 silly fetch manifest @jimp/custom@^0.14.0
92 silly packumentCache full:https://registry.npmjs.org/@jimp%2fcustom cache-miss
93 silly fetch manifest @jimp/plugins@^0.14.0
94 silly packumentCache full:https://registry.npmjs.org/@jimp%2fplugins cache-miss
95 silly fetch manifest @babel/runtime@^7.7.2
96 silly packumentCache full:https://registry.npmjs.org/@babel%2fruntime cache-miss
97 silly fetch manifest regenerator-runtime@^0.13.3
98 silly packumentCache full:https://registry.npmjs.org/regenerator-runtime cache-miss
99 http fetch GET 200 https://registry.npmjs.org/regenerator-runtime 34ms (cache miss)
100 silly packumentCache full:https://registry.npmjs.org/regenerator-runtime set size:undefined disposed:false
101 http fetch GET 200 https://registry.npmjs.org/@jimp%2fcustom 85ms (cache miss)
102 silly packumentCache full:https://registry.npmjs.org/@jimp%2fcustom set size:undefined disposed:false
103 http fetch GET 200 https://registry.npmjs.org/@jimp%2ftypes 100ms (cache miss)
104 silly packumentCache full:https://registry.npmjs.org/@jimp%2ftypes set size:undefined disposed:false
105 http fetch GET 200 https://registry.npmjs.org/@jimp%2fplugins 108ms (cache miss)
106 silly packumentCache full:https://registry.npmjs.org/@jimp%2fplugins set size:undefined disposed:false
107 http fetch GET 200 https://registry.npmjs.org/@babel%2fruntime 138ms (cache miss)
108 silly packumentCache full:https://registry.npmjs.org/@babel%2fruntime set size:undefined disposed:false
109 silly placeDep ROOT @babel/runtime@7.29.7 OK for: jimp@0.14.0 want: ^7.7.2
110 silly placeDep ROOT @jimp/custom@0.14.0 OK for: jimp@0.14.0 want: ^0.14.0
111 silly placeDep ROOT @jimp/plugins@0.14.0 OK for: jimp@0.14.0 want: ^0.14.0
112 silly placeDep ROOT @jimp/types@0.14.0 OK for: jimp@0.14.0 want: ^0.14.0
113 silly placeDep ROOT regenerator-runtime@0.13.11 OK for: jimp@0.14.0 want: ^0.13.3
114 silly fetch manifest @jimp/core@^0.14.0
115 silly packumentCache full:https://registry.npmjs.org/@jimp%2fcore cache-miss
116 silly fetch manifest @jimp/plugin-blit@^0.14.0
117 silly packumentCache full:https://registry.npmjs.org/@jimp%2fplugin-blit cache-miss
118 silly fetch manifest @jimp/plugin-blur@^0.14.0
119 silly packumentCache full:https://registry.npmjs.org/@jimp%2fplugin-blur cache-miss
120 silly fetch manifest @jimp/plugin-circle@^0.14.0
121 silly packumentCache full:https://registry.npmjs.org/@jimp%2fplugin-circle cache-miss
122 silly fetch manifest @jimp/plugin-color@^0.14.0
123 silly packumentCache full:https://registry.npmjs.org/@jimp%2fplugin-color cache-miss
124 silly fetch manifest @jimp/plugin-contain@^0.14.0
125 silly packumentCache full:https://registry.npmjs.org/@jimp%2fplugin-contain cache-miss
126 silly fetch manifest @jimp/plugin-cover@^0.14.0
127 silly packumentCache full:https://registry.npmjs.org/@jimp%2fplugin-cover cache-miss
128 http fetch GET 200 https://registry.npmjs.org/@jimp%2fplugin-color 92ms (cache miss)
129 silly packumentCache full:https://registry.npmjs.org/@jimp%2fplugin-color set size:undefined disposed:false
130 silly fetch manifest @jimp/plugin-crop@^0.14.0
131 silly packumentCache full:https://registry.npmjs.org/@jimp%2fplugin-crop cache-miss
132 http fetch GET 200 https://registry.npmjs.org/@jimp%2fplugin-blur 99ms (cache miss)
133 silly packumentCache full:https://registry.npmjs.org/@jimp%2fplugin-blur set size:undefined disposed:false
134 silly fetch manifest @jimp/plugin-displace@^0.14.0
135 silly packumentCache full:https://registry.npmjs.org/@jimp%2fplugin-displace cache-miss
136 http fetch GET 200 https://registry.npmjs.org/@jimp%2fplugin-contain 108ms (cache miss)
137 silly packumentCache full:https://registry.npmjs.org/@jimp%2fplugin-contain set size:undefined disposed:false
138 silly fetch manifest @jimp/plugin-dither@^0.14.0
139 silly packumentCache full:https://registry.npmjs.org/@jimp%2fplugin-dither cache-miss
140 http fetch GET 200 https://registry.npmjs.org/@jimp%2fplugin-cover 116ms (cache miss)
141 silly packumentCache full:https://registry.npmjs.org/@jimp%2fplugin-cover set size:undefined disposed:false
142 silly fetch manifest @jimp/plugin-fisheye@^0.14.0
143 silly packumentCache full:https://registry.npmjs.org/@jimp%2fplugin-fisheye cache-miss
144 http fetch GET 200 https://registry.npmjs.org/@jimp%2fplugin-blit 125ms (cache miss)
145 silly packumentCache full:https://registry.npmjs.org/@jimp%2fplugin-blit set size:undefined disposed:false
146 silly fetch manifest @jimp/plugin-flip@^0.14.0
147 silly packumentCache full:https://registry.npmjs.org/@jimp%2fplugin-flip cache-miss
148 http fetch GET 200 https://registry.npmjs.org/@jimp%2fplugin-circle 129ms (cache miss)
149 silly packumentCache full:https://registry.npmjs.org/@jimp%2fplugin-circle set size:undefined disposed:false
150 silly fetch manifest @jimp/plugin-gaussian@^0.14.0
151 silly packumentCache full:https://registry.npmjs.org/@jimp%2fplugin-gaussian cache-miss
152 http fetch GET 200 https://registry.npmjs.org/@jimp%2fcore 134ms (cache miss)
153 silly packumentCache full:https://registry.npmjs.org/@jimp%2fcore set size:undefined disposed:false
154 silly fetch manifest @jimp/plugin-invert@^0.14.0
155 silly packumentCache full:https://registry.npmjs.org/@jimp%2fplugin-invert cache-miss
156 http fetch GET 200 https://registry.npmjs.org/@jimp%2fplugin-crop 71ms (cache miss)
157 silly packumentCache full:https://registry.npmjs.org/@jimp%2fplugin-crop set size:undefined disposed:false
158 silly fetch manifest @jimp/plugin-mask@^0.14.0
159 silly packumentCache full:https://registry.npmjs.org/@jimp%2fplugin-mask cache-miss
160 http fetch GET 200 https://registry.npmjs.org/@jimp%2fplugin-displace 79ms (cache miss)
161 silly packumentCache full:https://registry.npmjs.org/@jimp%2fplugin-displace set size:undefined disposed:false
162 silly fetch manifest @jimp/plugin-normalize@^0.14.0
163 silly packumentCache full:https://registry.npmjs.org/@jimp%2fplugin-normalize cache-miss
164 http fetch GET 200 https://registry.npmjs.org/@jimp%2fplugin-dither 78ms (cache miss)
165 silly packumentCache full:https://registry.npmjs.org/@jimp%2fplugin-dither set size:undefined disposed:false
166 silly fetch manifest @jimp/plugin-print@^0.14.0
167 silly packumentCache full:https://registry.npmjs.org/@jimp%2fplugin-print cache-miss
168 http fetch GET 200 https://registry.npmjs.org/@jimp%2fplugin-fisheye 80ms (cache miss)
169 silly packumentCache full:https://registry.npmjs.org/@jimp%2fplugin-fisheye set size:undefined disposed:false
170 silly fetch manifest @jimp/plugin-resize@^0.14.0
171 silly packumentCache full:https://registry.npmjs.org/@jimp%2fplugin-resize cache-miss
172 http fetch GET 200 https://registry.npmjs.org/@jimp%2fplugin-flip 101ms (cache miss)
173 silly packumentCache full:https://registry.npmjs.org/@jimp%2fplugin-flip set size:undefined disposed:false
174 silly fetch manifest @jimp/plugin-rotate@^0.14.0
175 silly packumentCache full:https://registry.npmjs.org/@jimp%2fplugin-rotate cache-miss
176 http fetch GET 200 https://registry.npmjs.org/@jimp%2fplugin-invert 98ms (cache miss)
177 silly packumentCache full:https://registry.npmjs.org/@jimp%2fplugin-invert set size:undefined disposed:false
178 silly fetch manifest @jimp/plugin-scale@^0.14.0
179 silly packumentCache full:https://registry.npmjs.org/@jimp%2fplugin-scale cache-miss
180 http fetch GET 200 https://registry.npmjs.org/@jimp%2fplugin-gaussian 115ms (cache miss)
181 silly packumentCache full:https://registry.npmjs.org/@jimp%2fplugin-gaussian set size:undefined disposed:false
182 silly fetch manifest @jimp/plugin-shadow@^0.14.0
183 silly packumentCache full:https://registry.npmjs.org/@jimp%2fplugin-shadow cache-miss
184 http fetch GET 200 https://registry.npmjs.org/@jimp%2fplugin-mask 97ms (cache miss)
185 silly packumentCache full:https://registry.npmjs.org/@jimp%2fplugin-mask set size:undefined disposed:false
186 silly fetch manifest @jimp/plugin-threshold@^0.14.0
187 silly packumentCache full:https://registry.npmjs.org/@jimp%2fplugin-threshold cache-miss
188 http fetch GET 200 https://registry.npmjs.org/@jimp%2fplugin-normalize 92ms (cache miss)
189 silly packumentCache full:https://registry.npmjs.org/@jimp%2fplugin-normalize set size:undefined disposed:false
190 silly fetch manifest timm@^1.6.1
191 silly packumentCache full:https://registry.npmjs.org/timm cache-miss
192 http fetch GET 200 https://registry.npmjs.org/@jimp%2fplugin-resize 77ms (cache miss)
193 silly packumentCache full:https://registry.npmjs.org/@jimp%2fplugin-resize set size:undefined disposed:false
194 silly fetch manifest timm@^1.6.1
195 silly packumentCache full:https://registry.npmjs.org/timm cache-miss
196 http fetch GET 200 https://registry.npmjs.org/@jimp%2fplugin-print 96ms (cache miss)
197 silly packumentCache full:https://registry.npmjs.org/@jimp%2fplugin-print set size:undefined disposed:false
198 silly fetch manifest @jimp/bmp@^0.14.0
199 silly packumentCache full:https://registry.npmjs.org/@jimp%2fbmp cache-miss
200 http fetch GET 200 https://registry.npmjs.org/timm 39ms (cache miss)
201 silly packumentCache full:https://registry.npmjs.org/timm set size:undefined disposed:false
202 silly fetch manifest @jimp/gif@^0.14.0
203 silly packumentCache full:https://registry.npmjs.org/@jimp%2fgif cache-miss
204 http fetch GET 200 https://registry.npmjs.org/timm 52ms (cache miss)
205 silly packumentCache full:https://registry.npmjs.org/timm set size:undefined disposed:false
206 silly fetch manifest @jimp/png@^0.14.0
207 silly packumentCache full:https://registry.npmjs.org/@jimp%2fpng cache-miss
208 http fetch GET 200 https://registry.npmjs.org/@jimp%2fplugin-rotate 111ms (cache miss)
209 silly packumentCache full:https://registry.npmjs.org/@jimp%2fplugin-rotate set size:undefined disposed:false
210 silly fetch manifest @jimp/jpeg@^0.14.0
211 silly packumentCache full:https://registry.npmjs.org/@jimp%2fjpeg cache-miss
212 http fetch GET 200 https://registry.npmjs.org/@jimp%2fplugin-shadow 104ms (cache miss)
213 silly packumentCache full:https://registry.npmjs.org/@jimp%2fplugin-shadow set size:undefined disposed:false
214 silly fetch manifest @jimp/tiff@^0.14.0
215 silly packumentCache full:https://registry.npmjs.org/@jimp%2ftiff cache-miss
216 http fetch GET 200 https://registry.npmjs.org/@jimp%2fplugin-scale 118ms (cache miss)
217 silly packumentCache full:https://registry.npmjs.org/@jimp%2fplugin-scale set size:undefined disposed:false
218 http fetch GET 200 https://registry.npmjs.org/@jimp%2fplugin-threshold 96ms (cache miss)
219 silly packumentCache full:https://registry.npmjs.org/@jimp%2fplugin-threshold set size:undefined disposed:false
220 http fetch GET 200 https://registry.npmjs.org/@jimp%2fbmp 81ms (cache miss)
221 silly packumentCache full:https://registry.npmjs.org/@jimp%2fbmp set size:undefined disposed:false
222 http fetch GET 200 https://registry.npmjs.org/@jimp%2fgif 63ms (cache miss)
223 silly packumentCache full:https://registry.npmjs.org/@jimp%2fgif set size:undefined disposed:false
224 http fetch GET 200 https://registry.npmjs.org/@jimp%2fjpeg 91ms (cache miss)
225 silly packumentCache full:https://registry.npmjs.org/@jimp%2fjpeg set size:undefined disposed:false
226 http fetch GET 200 https://registry.npmjs.org/@jimp%2fpng 109ms (cache miss)
227 silly packumentCache full:https://registry.npmjs.org/@jimp%2fpng set size:undefined disposed:false
228 http fetch GET 200 https://registry.npmjs.org/@jimp%2ftiff 86ms (cache miss)
229 silly packumentCache full:https://registry.npmjs.org/@jimp%2ftiff set size:undefined disposed:false
230 silly placeDep ROOT @jimp/core@0.14.0 OK for: @jimp/custom@0.14.0 want: ^0.14.0
231 silly fetch manifest phin@^2.9.1
232 silly packumentCache full:https://registry.npmjs.org/phin cache-miss
233 silly fetch manifest buffer@^5.2.0
234 silly packumentCache full:https://registry.npmjs.org/buffer cache-miss
235 silly fetch manifest mkdirp@^0.5.1
236 silly packumentCache full:https://registry.npmjs.org/mkdirp cache-miss
237 silly fetch manifest any-base@^1.1.0
238 silly packumentCache full:https://registry.npmjs.org/any-base cache-miss
239 silly fetch manifest file-type@^9.0.0
240 silly packumentCache full:https://registry.npmjs.org/file-type cache-miss
241 silly fetch manifest pixelmatch@^4.0.2
242 silly packumentCache full:https://registry.npmjs.org/pixelmatch cache-miss
243 silly fetch manifest tinycolor2@^1.4.1
244 silly packumentCache full:https://registry.npmjs.org/tinycolor2 cache-miss
245 http fetch GET 200 https://registry.npmjs.org/any-base 46ms (cache miss)
246 silly packumentCache full:https://registry.npmjs.org/any-base set size:undefined disposed:false
247 silly fetch manifest @jimp/utils@^0.14.0
248 silly packumentCache full:https://registry.npmjs.org/@jimp%2futils cache-miss
249 http fetch GET 200 https://registry.npmjs.org/mkdirp 57ms (cache miss)
250 silly packumentCache full:https://registry.npmjs.org/mkdirp set size:undefined disposed:false
251 silly fetch manifest exif-parser@^0.1.12
252 silly packumentCache full:https://registry.npmjs.org/exif-parser cache-miss
253 http fetch GET 200 https://registry.npmjs.org/phin 61ms (cache miss)
254 silly packumentCache full:https://registry.npmjs.org/phin set size:undefined disposed:false
255 silly fetch manifest load-bmfont@^1.3.1
256 silly packumentCache full:https://registry.npmjs.org/load-bmfont cache-miss
257 http fetch GET 200 https://registry.npmjs.org/tinycolor2 63ms (cache miss)
258 silly packumentCache full:https://registry.npmjs.org/tinycolor2 set size:undefined disposed:false
259 http fetch GET 200 https://registry.npmjs.org/pixelmatch 65ms (cache miss)
260 silly packumentCache full:https://registry.npmjs.org/pixelmatch set size:undefined disposed:false
261 http fetch GET 200 https://registry.npmjs.org/buffer 69ms (cache miss)
262 silly packumentCache full:https://registry.npmjs.org/buffer set size:undefined disposed:false
263 http fetch GET 200 https://registry.npmjs.org/file-type 77ms (cache miss)
264 silly packumentCache full:https://registry.npmjs.org/file-type set size:undefined disposed:false
265 http fetch GET 200 https://registry.npmjs.org/exif-parser 29ms (cache miss)
266 silly packumentCache full:https://registry.npmjs.org/exif-parser set size:undefined disposed:false
267 http fetch GET 200 https://registry.npmjs.org/load-bmfont 30ms (cache miss)
268 silly packumentCache full:https://registry.npmjs.org/load-bmfont set size:undefined disposed:false
269 http fetch GET 200 https://registry.npmjs.org/@jimp%2futils 59ms (cache miss)
270 silly packumentCache full:https://registry.npmjs.org/@jimp%2futils set size:undefined disposed:false
271 silly placeDep ROOT @jimp/utils@0.14.0 OK for: @jimp/core@0.14.0 want: ^0.14.0
272 silly placeDep ROOT any-base@1.1.0 OK for: @jimp/core@0.14.0 want: ^1.1.0
273 silly placeDep ROOT buffer@5.7.1 OK for: @jimp/core@0.14.0 want: ^5.2.0
274 silly placeDep ROOT exif-parser@0.1.12 OK for: @jimp/core@0.14.0 want: ^0.1.12
275 silly placeDep ROOT file-type@9.0.0 OK for: @jimp/core@0.14.0 want: ^9.0.0
276 silly placeDep ROOT load-bmfont@1.4.2 OK for: @jimp/core@0.14.0 want: ^1.3.1
277 silly placeDep ROOT mkdirp@0.5.6 OK for: @jimp/core@0.14.0 want: ^0.5.1
278 silly placeDep ROOT phin@2.9.3 OK for: @jimp/core@0.14.0 want: ^2.9.1
279 silly placeDep ROOT pixelmatch@4.0.2 OK for: @jimp/core@0.14.0 want: ^4.0.2
280 silly placeDep ROOT tinycolor2@1.6.0 OK for: @jimp/core@0.14.0 want: ^1.4.1
281 silly fetch manifest base64-js@^1.3.1
282 silly packumentCache full:https://registry.npmjs.org/base64-js cache-miss
283 silly fetch manifest ieee754@^1.1.13
284 silly packumentCache full:https://registry.npmjs.org/ieee754 cache-miss
285 silly fetch manifest buffer-equal@0.0.1
286 silly packumentCache full:https://registry.npmjs.org/buffer-equal cache-miss
287 silly fetch manifest mime@^1.3.4
288 silly packumentCache full:https://registry.npmjs.org/mime cache-miss
289 silly fetch manifest parse-bmfont-ascii@^1.0.3
290 silly packumentCache full:https://registry.npmjs.org/parse-bmfont-ascii cache-miss
291 silly fetch manifest parse-bmfont-binary@^1.0.5
292 silly packumentCache full:https://registry.npmjs.org/parse-bmfont-binary cache-miss
293 silly fetch manifest parse-bmfont-xml@^1.1.4
294 silly packumentCache full:https://registry.npmjs.org/parse-bmfont-xml cache-miss
295 http fetch GET 200 https://registry.npmjs.org/parse-bmfont-ascii 49ms (cache miss)
296 silly packumentCache full:https://registry.npmjs.org/parse-bmfont-ascii set size:undefined disposed:false
297 silly fetch manifest phin@^3.7.1
298 silly packumentCache full:https://registry.npmjs.org/phin cache-miss
299 http fetch GET 200 https://registry.npmjs.org/base64-js 60ms (cache miss)
300 silly packumentCache full:https://registry.npmjs.org/base64-js set size:undefined disposed:false
301 silly fetch manifest xhr@^2.0.1
302 silly packumentCache full:https://registry.npmjs.org/xhr cache-miss
303 http fetch GET 200 https://registry.npmjs.org/parse-bmfont-binary 63ms (cache miss)
304 silly packumentCache full:https://registry.npmjs.org/parse-bmfont-binary set size:undefined disposed:false
305 silly fetch manifest xtend@^4.0.0
306 silly packumentCache full:https://registry.npmjs.org/xtend cache-miss
307 http fetch GET 200 https://registry.npmjs.org/ieee754 67ms (cache miss)
308 silly packumentCache full:https://registry.npmjs.org/ieee754 set size:undefined disposed:false
309 silly fetch manifest minimist@^1.2.6
310 silly packumentCache full:https://registry.npmjs.org/minimist cache-miss
311 http fetch GET 200 https://registry.npmjs.org/parse-bmfont-xml 68ms (cache miss)
312 silly packumentCache full:https://registry.npmjs.org/parse-bmfont-xml set size:undefined disposed:false
313 silly fetch manifest pngjs@^3.0.0
314 silly packumentCache full:https://registry.npmjs.org/pngjs cache-miss
315 http fetch GET 200 https://registry.npmjs.org/buffer-equal 71ms (cache miss)
316 silly packumentCache full:https://registry.npmjs.org/buffer-equal set size:undefined disposed:false
317 http cache https://registry.npmjs.org/phin 30ms (cache hit)
318 silly packumentCache full:https://registry.npmjs.org/phin set size:123951 disposed:false
319 http fetch GET 200 https://registry.npmjs.org/mime 83ms (cache miss)
320 silly packumentCache full:https://registry.npmjs.org/mime set size:undefined disposed:false
321 http fetch GET 200 https://registry.npmjs.org/xtend 30ms (cache miss)
322 silly packumentCache full:https://registry.npmjs.org/xtend set size:undefined disposed:false
323 http fetch GET 200 https://registry.npmjs.org/xhr 35ms (cache miss)
324 silly packumentCache full:https://registry.npmjs.org/xhr set size:undefined disposed:false
325 http fetch GET 200 https://registry.npmjs.org/minimist 35ms (cache miss)
326 silly packumentCache full:https://registry.npmjs.org/minimist set size:undefined disposed:false
327 http fetch GET 200 https://registry.npmjs.org/pngjs 35ms (cache miss)
328 silly packumentCache full:https://registry.npmjs.org/pngjs set size:undefined disposed:false
329 silly fetch manifest @jimp/custom@>=0.3.5
330 silly packumentCache full:https://registry.npmjs.org/@jimp%2fcustom cache-miss
331 http cache https://registry.npmjs.org/@jimp%2fcustom 7ms (cache hit)
332 silly packumentCache full:https://registry.npmjs.org/@jimp%2fcustom set size:1162364 disposed:false
333 silly placeDep ROOT @jimp/plugin-blit@0.14.0 OK for: @jimp/plugins@0.14.0 want: ^0.14.0
334 silly placeDep ROOT @jimp/plugin-blur@0.14.0 OK for: @jimp/plugins@0.14.0 want: ^0.14.0
335 silly placeDep ROOT @jimp/plugin-circle@0.14.0 OK for: @jimp/plugins@0.14.0 want: ^0.14.0
336 silly placeDep ROOT @jimp/plugin-color@0.14.0 OK for: @jimp/plugins@0.14.0 want: ^0.14.0
337 silly placeDep ROOT @jimp/plugin-contain@0.14.0 OK for: @jimp/plugins@0.14.0 want: ^0.14.0
338 silly placeDep ROOT @jimp/plugin-scale@0.14.0 OK for: @jimp/plugin-contain@0.14.0 want: >=0.3.5
339 silly placeDep ROOT @jimp/plugin-resize@0.14.0 OK for: @jimp/plugin-scale@0.14.0 want: >=0.3.5
340 silly placeDep ROOT @jimp/plugin-cover@0.14.0 OK for: @jimp/plugins@0.14.0 want: ^0.14.0
341 silly placeDep ROOT @jimp/plugin-crop@0.14.0 OK for: @jimp/plugin-cover@0.14.0 want: >=0.3.5
342 silly placeDep ROOT @jimp/plugin-displace@0.14.0 OK for: @jimp/plugins@0.14.0 want: ^0.14.0
343 silly placeDep ROOT @jimp/plugin-dither@0.14.0 OK for: @jimp/plugins@0.14.0 want: ^0.14.0
344 silly placeDep ROOT @jimp/plugin-fisheye@0.14.0 OK for: @jimp/plugins@0.14.0 want: ^0.14.0
345 silly placeDep ROOT @jimp/plugin-flip@0.14.0 OK for: @jimp/plugins@0.14.0 want: ^0.14.0
346 silly placeDep ROOT @jimp/plugin-rotate@0.14.0 OK for: @jimp/plugin-flip@0.14.0 want: >=0.3.5
347 silly placeDep ROOT @jimp/plugin-gaussian@0.14.0 OK for: @jimp/plugins@0.14.0 want: ^0.14.0
348 silly placeDep ROOT @jimp/plugin-invert@0.14.0 OK for: @jimp/plugins@0.14.0 want: ^0.14.0
349 silly placeDep ROOT @jimp/plugin-mask@0.14.0 OK for: @jimp/plugins@0.14.0 want: ^0.14.0
350 silly placeDep ROOT @jimp/plugin-normalize@0.14.0 OK for: @jimp/plugins@0.14.0 want: ^0.14.0
351 silly placeDep ROOT @jimp/plugin-print@0.14.0 OK for: @jimp/plugins@0.14.0 want: ^0.14.0
352 silly placeDep ROOT @jimp/plugin-shadow@0.14.0 OK for: @jimp/plugins@0.14.0 want: ^0.14.0
353 silly placeDep ROOT @jimp/plugin-threshold@0.14.0 OK for: @jimp/plugins@0.14.0 want: ^0.14.0
354 silly placeDep ROOT timm@1.7.1 OK for: @jimp/plugins@0.14.0 want: ^1.6.1
355 silly placeDep ROOT @jimp/bmp@0.14.0 OK for: @jimp/types@0.14.0 want: ^0.14.0
356 silly placeDep ROOT @jimp/gif@0.14.0 OK for: @jimp/types@0.14.0 want: ^0.14.0
357 silly placeDep ROOT @jimp/jpeg@0.14.0 OK for: @jimp/types@0.14.0 want: ^0.14.0
358 silly placeDep ROOT @jimp/png@0.14.0 OK for: @jimp/types@0.14.0 want: ^0.14.0
359 silly placeDep ROOT @jimp/tiff@0.14.0 OK for: @jimp/types@0.14.0 want: ^0.14.0
360 silly fetch manifest bmp-js@^0.1.0
361 silly packumentCache full:https://registry.npmjs.org/bmp-js cache-miss
362 silly fetch manifest gifwrap@^0.9.2
363 silly packumentCache full:https://registry.npmjs.org/gifwrap cache-miss
364 silly fetch manifest omggif@^1.0.9
365 silly packumentCache full:https://registry.npmjs.org/omggif cache-miss
366 silly fetch manifest jpeg-js@^0.4.0
367 silly packumentCache full:https://registry.npmjs.org/jpeg-js cache-miss
368 silly fetch manifest pngjs@^3.3.3
369 silly packumentCache full:https://registry.npmjs.org/pngjs cache-miss
370 silly fetch manifest utif@^2.0.1
371 silly packumentCache full:https://registry.npmjs.org/utif cache-miss
372 http cache https://registry.npmjs.org/pngjs 10ms (cache hit)
373 silly packumentCache full:https://registry.npmjs.org/pngjs set size:70154 disposed:false
374 http fetch GET 200 https://registry.npmjs.org/bmp-js 30ms (cache miss)
375 silly packumentCache full:https://registry.npmjs.org/bmp-js set size:undefined disposed:false
376 http fetch GET 200 https://registry.npmjs.org/utif 35ms (cache miss)
377 silly packumentCache full:https://registry.npmjs.org/utif set size:undefined disposed:false
378 http fetch GET 200 https://registry.npmjs.org/omggif 39ms (cache miss)
379 silly packumentCache full:https://registry.npmjs.org/omggif set size:undefined disposed:false
380 http fetch GET 200 https://registry.npmjs.org/jpeg-js 40ms (cache miss)
381 silly packumentCache full:https://registry.npmjs.org/jpeg-js set size:undefined disposed:false
382 http fetch GET 200 https://registry.npmjs.org/gifwrap 44ms (cache miss)
383 silly packumentCache full:https://registry.npmjs.org/gifwrap set size:undefined disposed:false
384 silly placeDep ROOT bmp-js@0.1.0 OK for: @jimp/bmp@0.14.0 want: ^0.1.0
385 silly placeDep ROOT gifwrap@0.9.4 OK for: @jimp/gif@0.14.0 want: ^0.9.2
386 silly placeDep ROOT omggif@1.0.10 OK for: @jimp/gif@0.14.0 want: ^1.0.9
387 silly fetch manifest image-q@^4.0.0
388 silly packumentCache full:https://registry.npmjs.org/image-q cache-miss
389 silly fetch manifest omggif@^1.0.10
390 silly packumentCache full:https://registry.npmjs.org/omggif cache-miss
391 http cache https://registry.npmjs.org/omggif 4ms (cache hit)
392 silly packumentCache full:https://registry.npmjs.org/omggif set size:9453 disposed:false
393 http fetch GET 200 https://registry.npmjs.org/image-q 35ms (cache miss)
394 silly packumentCache full:https://registry.npmjs.org/image-q set size:undefined disposed:false
395 silly placeDep ROOT jpeg-js@0.4.4 OK for: @jimp/jpeg@0.14.0 want: ^0.4.0
396 silly placeDep ROOT pngjs@3.4.0 OK for: @jimp/png@0.14.0 want: ^3.3.3
397 silly placeDep ROOT utif@2.0.1 OK for: @jimp/tiff@0.14.0 want: ^2.0.1
398 silly fetch manifest pako@^1.0.5
399 silly packumentCache full:https://registry.npmjs.org/pako cache-miss
400 http fetch GET 200 https://registry.npmjs.org/pako 37ms (cache miss)
401 silly packumentCache full:https://registry.npmjs.org/pako set size:undefined disposed:false
402 silly placeDep ROOT base64-js@1.5.1 OK for: buffer@5.7.1 want: ^1.3.1
403 silly placeDep ROOT ieee754@1.2.1 OK for: buffer@5.7.1 want: ^1.1.13
404 silly placeDep ROOT image-q@4.0.0 OK for: gifwrap@0.9.4 want: ^4.0.0
405 silly fetch manifest @types/node@16.9.1
406 silly packumentCache full:https://registry.npmjs.org/@types%2fnode cache-miss
407 http fetch GET 200 https://registry.npmjs.org/@types%2fnode 207ms (cache miss)
408 silly packumentCache full:https://registry.npmjs.org/@types%2fnode set size:undefined disposed:false
409 silly placeDep ROOT @types/node@16.9.1 OK for: image-q@4.0.0 want: 16.9.1
410 silly placeDep ROOT buffer-equal@0.0.1 OK for: load-bmfont@1.4.2 want: 0.0.1
411 silly placeDep ROOT mime@1.6.0 OK for: load-bmfont@1.4.2 want: ^1.3.4
412 silly placeDep ROOT parse-bmfont-ascii@1.0.6 OK for: load-bmfont@1.4.2 want: ^1.0.3
413 silly placeDep ROOT parse-bmfont-binary@1.0.6 OK for: load-bmfont@1.4.2 want: ^1.0.5
414 silly placeDep ROOT parse-bmfont-xml@1.1.6 OK for: load-bmfont@1.4.2 want: ^1.1.4
415 silly placeDep node_modules/load-bmfont phin@3.7.1 OK for: load-bmfont@1.4.2 want: ^3.7.1
416 silly placeDep ROOT xhr@2.6.0 OK for: load-bmfont@1.4.2 want: ^2.0.1
417 silly placeDep ROOT xtend@4.0.2 OK for: load-bmfont@1.4.2 want: ^4.0.0
418 silly fetch manifest xml-parse-from-string@^1.0.0
419 silly packumentCache full:https://registry.npmjs.org/xml-parse-from-string cache-miss
420 silly fetch manifest xml2js@^0.5.0
421 silly packumentCache full:https://registry.npmjs.org/xml2js cache-miss
422 silly fetch manifest centra@^2.7.0
423 silly packumentCache full:https://registry.npmjs.org/centra cache-miss
424 silly fetch manifest global@~4.4.0
425 silly packumentCache full:https://registry.npmjs.org/global cache-miss
426 silly fetch manifest is-function@^1.0.1
427 silly packumentCache full:https://registry.npmjs.org/is-function cache-miss
428 silly fetch manifest parse-headers@^2.0.0
429 silly packumentCache full:https://registry.npmjs.org/parse-headers cache-miss
430 http fetch GET 200 https://registry.npmjs.org/xml-parse-from-string 41ms (cache miss)
431 silly packumentCache full:https://registry.npmjs.org/xml-parse-from-string set size:undefined disposed:false
432 http fetch GET 200 https://registry.npmjs.org/xml2js 43ms (cache miss)
433 silly packumentCache full:https://registry.npmjs.org/xml2js set size:undefined disposed:false
434 http fetch GET 200 https://registry.npmjs.org/is-function 46ms (cache miss)
435 silly packumentCache full:https://registry.npmjs.org/is-function set size:undefined disposed:false
436 http fetch GET 200 https://registry.npmjs.org/parse-headers 48ms (cache miss)
437 silly packumentCache full:https://registry.npmjs.org/parse-headers set size:undefined disposed:false
438 http fetch GET 200 https://registry.npmjs.org/centra 51ms (cache miss)
439 silly packumentCache full:https://registry.npmjs.org/centra set size:undefined disposed:false
440 http fetch GET 200 https://registry.npmjs.org/global 53ms (cache miss)
441 silly packumentCache full:https://registry.npmjs.org/global set size:undefined disposed:false
442 silly placeDep ROOT minimist@1.2.8 OK for: mkdirp@0.5.6 want: ^1.2.6
443 silly placeDep ROOT xml-parse-from-string@1.0.1 OK for: parse-bmfont-xml@1.1.6 want: ^1.0.0
444 silly placeDep ROOT xml2js@0.5.0 OK for: parse-bmfont-xml@1.1.6 want: ^0.5.0
445 silly fetch manifest sax@>=0.6.0
446 silly packumentCache full:https://registry.npmjs.org/sax cache-miss
447 silly fetch manifest xmlbuilder@~11.0.0
448 silly packumentCache full:https://registry.npmjs.org/xmlbuilder cache-miss
449 http fetch GET 200 https://registry.npmjs.org/sax 31ms (cache miss)
450 silly packumentCache full:https://registry.npmjs.org/sax set size:undefined disposed:false
451 http fetch GET 200 https://registry.npmjs.org/xmlbuilder 36ms (cache miss)
452 silly packumentCache full:https://registry.npmjs.org/xmlbuilder set size:undefined disposed:false
453 silly placeDep ROOT pako@1.0.11 OK for: utif@2.0.1 want: ^1.0.5
454 silly placeDep ROOT global@4.4.0 OK for: xhr@2.6.0 want: ~4.4.0
455 silly placeDep ROOT is-function@1.0.2 OK for: xhr@2.6.0 want: ^1.0.1
456 silly placeDep ROOT parse-headers@2.0.6 OK for: xhr@2.6.0 want: ^2.0.0
457 silly fetch manifest min-document@^2.19.0
458 silly packumentCache full:https://registry.npmjs.org/min-document cache-miss
459 silly fetch manifest process@^0.11.10
460 silly packumentCache full:https://registry.npmjs.org/process cache-miss
461 http fetch GET 200 https://registry.npmjs.org/process 27ms (cache miss)
462 silly packumentCache full:https://registry.npmjs.org/process set size:undefined disposed:false
463 http fetch GET 200 https://registry.npmjs.org/min-document 28ms (cache miss)
464 silly packumentCache full:https://registry.npmjs.org/min-document set size:undefined disposed:false
465 silly placeDep ROOT min-document@2.19.2 OK for: global@4.4.0 want: ^2.19.0
466 silly placeDep ROOT process@0.11.10 OK for: global@4.4.0 want: ^0.11.10
467 silly fetch manifest dom-walk@^0.1.0
468 silly packumentCache full:https://registry.npmjs.org/dom-walk cache-miss
469 http fetch GET 200 https://registry.npmjs.org/dom-walk 25ms (cache miss)
470 silly packumentCache full:https://registry.npmjs.org/dom-walk set size:undefined disposed:false
471 silly placeDep ROOT dom-walk@0.1.2 OK for: min-document@2.19.2 want: ^0.1.0
472 silly placeDep ROOT sax@1.6.1 OK for: xml2js@0.5.0 want: >=0.6.0
473 silly placeDep ROOT xmlbuilder@11.0.1 OK for: xml2js@0.5.0 want: ~11.0.0
474 silly placeDep ROOT centra@2.7.0 OK for: phin@3.7.1 want: ^2.7.0
475 silly fetch manifest follow-redirects@^1.15.6
476 silly packumentCache full:https://registry.npmjs.org/follow-redirects cache-miss
477 http fetch GET 200 https://registry.npmjs.org/follow-redirects 50ms (cache miss)
478 silly packumentCache full:https://registry.npmjs.org/follow-redirects set size:undefined disposed:false
479 silly placeDep ROOT follow-redirects@1.16.0 OK for: centra@2.7.0 want: ^1.15.6
480 silly reify moves {}
481 http cache xmlbuilder@https://registry.npmjs.org/xmlbuilder/-/xmlbuilder-11.0.1.tgz 0ms (cache hit)
482 http cache follow-redirects@https://registry.npmjs.org/follow-redirects/-/follow-redirects-1.16.0.tgz 0ms (cache hit)
483 http cache centra@https://registry.npmjs.org/centra/-/centra-2.7.0.tgz 0ms (cache hit)
484 http cache sax@https://registry.npmjs.org/sax/-/sax-1.6.1.tgz 0ms (cache hit)
485 http cache dom-walk@https://registry.npmjs.org/dom-walk/-/dom-walk-0.1.2.tgz 0ms (cache hit)
486 http cache min-document@https://registry.npmjs.org/min-document/-/min-document-2.19.2.tgz 0ms (cache hit)
487 http cache process@https://registry.npmjs.org/process/-/process-0.11.10.tgz 0ms (cache hit)
488 http cache parse-headers@https://registry.npmjs.org/parse-headers/-/parse-headers-2.0.6.tgz 0ms (cache hit)
489 http cache is-function@https://registry.npmjs.org/is-function/-/is-function-1.0.2.tgz 0ms (cache hit)
490 http cache global@https://registry.npmjs.org/global/-/global-4.4.0.tgz 0ms (cache hit)
491 http cache pako@https://registry.npmjs.org/pako/-/pako-1.0.11.tgz 0ms (cache hit)
492 http cache xml-parse-from-string@https://registry.npmjs.org/xml-parse-from-string/-/xml-parse-from-string-1.0.1.tgz 0ms (cache hit)
493 http cache xml2js@https://registry.npmjs.org/xml2js/-/xml2js-0.5.0.tgz 0ms (cache hit)
494 http cache minimist@https://registry.npmjs.org/minimist/-/minimist-1.2.8.tgz 0ms (cache hit)
495 http cache xtend@https://registry.npmjs.org/xtend/-/xtend-4.0.2.tgz 0ms (cache hit)
496 http cache xhr@https://registry.npmjs.org/xhr/-/xhr-2.6.0.tgz 0ms (cache hit)
497 http cache parse-bmfont-binary@https://registry.npmjs.org/parse-bmfont-binary/-/parse-bmfont-binary-1.0.6.tgz 0ms (cache hit)
498 http cache parse-bmfont-ascii@https://registry.npmjs.org/parse-bmfont-ascii/-/parse-bmfont-ascii-1.0.6.tgz 0ms (cache hit)
499 http cache mime@https://registry.npmjs.org/mime/-/mime-1.6.0.tgz 0ms (cache hit)
500 http cache parse-bmfont-xml@https://registry.npmjs.org/parse-bmfont-xml/-/parse-bmfont-xml-1.1.6.tgz 0ms (cache hit)
501 http cache @types/node@https://registry.npmjs.org/@types/node/-/node-16.9.1.tgz 0ms (cache hit)
502 http cache image-q@https://registry.npmjs.org/image-q/-/image-q-4.0.0.tgz 0ms (cache hit)
503 http cache buffer-equal@https://registry.npmjs.org/buffer-equal/-/buffer-equal-0.0.1.tgz 0ms (cache hit)
504 http cache utif@https://registry.npmjs.org/utif/-/utif-2.0.1.tgz 0ms (cache hit)
505 http cache ieee754@https://registry.npmjs.org/ieee754/-/ieee754-1.2.1.tgz 0ms (cache hit)
506 http cache pngjs@https://registry.npmjs.org/pngjs/-/pngjs-3.4.0.tgz 0ms (cache hit)
507 http cache base64-js@https://registry.npmjs.org/base64-js/-/base64-js-1.5.1.tgz 0ms (cache hit)
508 http cache omggif@https://registry.npmjs.org/omggif/-/omggif-1.0.10.tgz 0ms (cache hit)
509 http cache jpeg-js@https://registry.npmjs.org/jpeg-js/-/jpeg-js-0.4.4.tgz 0ms (cache hit)
510 http cache gifwrap@https://registry.npmjs.org/gifwrap/-/gifwrap-0.9.4.tgz 0ms (cache hit)
511 http cache bmp-js@https://registry.npmjs.org/bmp-js/-/bmp-js-0.1.0.tgz 0ms (cache hit)
512 http cache @jimp/png@https://registry.npmjs.org/@jimp/png/-/png-0.14.0.tgz 0ms (cache hit)
513 http cache @jimp/tiff@https://registry.npmjs.org/@jimp/tiff/-/tiff-0.14.0.tgz 0ms (cache hit)
514 http cache @jimp/jpeg@https://registry.npmjs.org/@jimp/jpeg/-/jpeg-0.14.0.tgz 0ms (cache hit)
515 http cache timm@https://registry.npmjs.org/timm/-/timm-1.7.1.tgz 0ms (cache hit)
516 http cache @jimp/gif@https://registry.npmjs.org/@jimp/gif/-/gif-0.14.0.tgz 0ms (cache hit)
517 http cache @jimp/plugin-threshold@https://registry.npmjs.org/@jimp/plugin-threshold/-/plugin-threshold-0.14.0.tgz 0ms (cache hit)
518 http cache @jimp/bmp@https://registry.npmjs.org/@jimp/bmp/-/bmp-0.14.0.tgz 0ms (cache hit)
519 http cache @jimp/plugin-normalize@https://registry.npmjs.org/@jimp/plugin-normalize/-/plugin-normalize-0.14.0.tgz 0ms (cache hit)
520 http cache @jimp/plugin-shadow@https://registry.npmjs.org/@jimp/plugin-shadow/-/plugin-shadow-0.14.0.tgz 0ms (cache hit)
521 http cache @jimp/plugin-print@https://registry.npmjs.org/@jimp/plugin-print/-/plugin-print-0.14.0.tgz 0ms (cache hit)
522 http cache @jimp/plugin-mask@https://registry.npmjs.org/@jimp/plugin-mask/-/plugin-mask-0.14.0.tgz 0ms (cache hit)
523 http cache @jimp/plugin-gaussian@https://registry.npmjs.org/@jimp/plugin-gaussian/-/plugin-gaussian-0.14.0.tgz 0ms (cache hit)
524 http cache @jimp/plugin-invert@https://registry.npmjs.org/@jimp/plugin-invert/-/plugin-invert-0.14.0.tgz 0ms (cache hit)
525 http cache @jimp/plugin-rotate@https://registry.npmjs.org/@jimp/plugin-rotate/-/plugin-rotate-0.14.0.tgz 0ms (cache hit)
526 http cache @jimp/plugin-flip@https://registry.npmjs.org/@jimp/plugin-flip/-/plugin-flip-0.14.0.tgz 0ms (cache hit)
527 http cache @jimp/plugin-fisheye@https://registry.npmjs.org/@jimp/plugin-fisheye/-/plugin-fisheye-0.14.0.tgz 0ms (cache hit)
528 http cache @jimp/plugin-displace@https://registry.npmjs.org/@jimp/plugin-displace/-/plugin-displace-0.14.0.tgz 0ms (cache hit)
529 http cache @jimp/plugin-dither@https://registry.npmjs.org/@jimp/plugin-dither/-/plugin-dither-0.14.0.tgz 0ms (cache hit)
530 http cache @jimp/plugin-crop@https://registry.npmjs.org/@jimp/plugin-crop/-/plugin-crop-0.14.0.tgz 0ms (cache hit)
531 http cache @jimp/plugin-cover@https://registry.npmjs.org/@jimp/plugin-cover/-/plugin-cover-0.14.0.tgz 0ms (cache hit)
532 http cache @jimp/plugin-resize@https://registry.npmjs.org/@jimp/plugin-resize/-/plugin-resize-0.14.0.tgz 0ms (cache hit)
533 http cache @jimp/plugin-scale@https://registry.npmjs.org/@jimp/plugin-scale/-/plugin-scale-0.14.0.tgz 0ms (cache hit)
534 http cache @jimp/plugin-contain@https://registry.npmjs.org/@jimp/plugin-contain/-/plugin-contain-0.14.0.tgz 0ms (cache hit)
535 http cache @jimp/plugin-color@https://registry.npmjs.org/@jimp/plugin-color/-/plugin-color-0.14.0.tgz 0ms (cache hit)
536 http cache @jimp/plugin-circle@https://registry.npmjs.org/@jimp/plugin-circle/-/plugin-circle-0.14.0.tgz 0ms (cache hit)
537 http cache @jimp/plugin-blur@https://registry.npmjs.org/@jimp/plugin-blur/-/plugin-blur-0.14.0.tgz 0ms (cache hit)
538 http cache @jimp/plugin-blit@https://registry.npmjs.org/@jimp/plugin-blit/-/plugin-blit-0.14.0.tgz 0ms (cache hit)
539 http cache pixelmatch@https://registry.npmjs.org/pixelmatch/-/pixelmatch-4.0.2.tgz 0ms (cache hit)
540 http cache tinycolor2@https://registry.npmjs.org/tinycolor2/-/tinycolor2-1.6.0.tgz 0ms (cache hit)
541 http cache phin@https://registry.npmjs.org/phin/-/phin-2.9.3.tgz 0ms (cache hit)
542 http cache load-bmfont@https://registry.npmjs.org/load-bmfont/-/load-bmfont-1.4.2.tgz 0ms (cache hit)
543 http cache mkdirp@https://registry.npmjs.org/mkdirp/-/mkdirp-0.5.6.tgz 0ms (cache hit)
544 http cache file-type@https://registry.npmjs.org/file-type/-/file-type-9.0.0.tgz 0ms (cache hit)
545 http cache exif-parser@https://registry.npmjs.org/exif-parser/-/exif-parser-0.1.12.tgz 0ms (cache hit)
546 http cache buffer@https://registry.npmjs.org/buffer/-/buffer-5.7.1.tgz 0ms (cache hit)
547 http cache @jimp/utils@https://registry.npmjs.org/@jimp/utils/-/utils-0.14.0.tgz 0ms (cache hit)
548 http cache any-base@https://registry.npmjs.org/any-base/-/any-base-1.1.0.tgz 0ms (cache hit)
549 http cache regenerator-runtime@https://registry.npmjs.org/regenerator-runtime/-/regenerator-runtime-0.13.11.tgz 0ms (cache hit)
550 http cache @jimp/core@https://registry.npmjs.org/@jimp/core/-/core-0.14.0.tgz 0ms (cache hit)
551 http cache jimp@https://registry.npmjs.org/jimp/-/jimp-0.14.0.tgz 0ms (cache hit)
552 http cache @babel/runtime@https://registry.npmjs.org/@babel/runtime/-/runtime-7.29.7.tgz 0ms (cache hit)
553 http cache @jimp/types@https://registry.npmjs.org/@jimp/types/-/types-0.14.0.tgz 0ms (cache hit)
554 http cache @jimp/plugins@https://registry.npmjs.org/@jimp/plugins/-/plugins-0.14.0.tgz 0ms (cache hit)
555 http cache @resvg/resvg-js-win32-x64-msvc@https://registry.npmjs.org/@resvg/resvg-js-win32-x64-msvc/-/resvg-js-win32-x64-msvc-2.6.2.tgz 0ms (cache hit)
556 http cache @jimp/custom@https://registry.npmjs.org/@jimp/custom/-/custom-0.14.0.tgz 0ms (cache hit)
557 silly tarball no local data for xmlbuilder@https://registry.npmjs.org/xmlbuilder/-/xmlbuilder-11.0.1.tgz. Extracting by manifest.
558 silly tarball no local data for follow-redirects@https://registry.npmjs.org/follow-redirects/-/follow-redirects-1.16.0.tgz. Extracting by manifest.
559 silly tarball no local data for centra@https://registry.npmjs.org/centra/-/centra-2.7.0.tgz. Extracting by manifest.
560 silly tarball no local data for sax@https://registry.npmjs.org/sax/-/sax-1.6.1.tgz. Extracting by manifest.
561 silly tarball no local data for dom-walk@https://registry.npmjs.org/dom-walk/-/dom-walk-0.1.2.tgz. Extracting by manifest.
562 http cache potrace@https://registry.npmjs.org/potrace/-/potrace-2.1.8.tgz 0ms (cache hit)
563 silly tarball no local data for min-document@https://registry.npmjs.org/min-document/-/min-document-2.19.2.tgz. Extracting by manifest.
564 silly tarball no local data for process@https://registry.npmjs.org/process/-/process-0.11.10.tgz. Extracting by manifest.
565 silly tarball no local data for parse-headers@https://registry.npmjs.org/parse-headers/-/parse-headers-2.0.6.tgz. Extracting by manifest.
566 silly tarball no local data for is-function@https://registry.npmjs.org/is-function/-/is-function-1.0.2.tgz. Extracting by manifest.
567 http cache phin@https://registry.npmjs.org/phin/-/phin-3.7.1.tgz 1ms (cache hit)
568 silly tarball no local data for global@https://registry.npmjs.org/global/-/global-4.4.0.tgz. Extracting by manifest.
569 silly tarball no local data for pako@https://registry.npmjs.org/pako/-/pako-1.0.11.tgz. Extracting by manifest.
570 silly tarball no local data for xml-parse-from-string@https://registry.npmjs.org/xml-parse-from-string/-/xml-parse-from-string-1.0.1.tgz. Extracting by manifest.
571 silly tarball no local data for xml2js@https://registry.npmjs.org/xml2js/-/xml2js-0.5.0.tgz. Extracting by manifest.
572 silly tarball no local data for minimist@https://registry.npmjs.org/minimist/-/minimist-1.2.8.tgz. Extracting by manifest.
573 silly tarball no local data for xtend@https://registry.npmjs.org/xtend/-/xtend-4.0.2.tgz. Extracting by manifest.
574 silly tarball no local data for xhr@https://registry.npmjs.org/xhr/-/xhr-2.6.0.tgz. Extracting by manifest.
575 silly tarball no local data for parse-bmfont-binary@https://registry.npmjs.org/parse-bmfont-binary/-/parse-bmfont-binary-1.0.6.tgz. Extracting by manifest.
576 silly tarball no local data for parse-bmfont-ascii@https://registry.npmjs.org/parse-bmfont-ascii/-/parse-bmfont-ascii-1.0.6.tgz. Extracting by manifest.
577 http cache @resvg/resvg-js@https://registry.npmjs.org/@resvg/resvg-js/-/resvg-js-2.6.2.tgz 0ms (cache hit)
578 silly tarball no local data for mime@https://registry.npmjs.org/mime/-/mime-1.6.0.tgz. Extracting by manifest.
579 silly tarball no local data for parse-bmfont-xml@https://registry.npmjs.org/parse-bmfont-xml/-/parse-bmfont-xml-1.1.6.tgz. Extracting by manifest.
580 silly tarball no local data for @types/node@https://registry.npmjs.org/@types/node/-/node-16.9.1.tgz. Extracting by manifest.
581 silly tarball no local data for image-q@https://registry.npmjs.org/image-q/-/image-q-4.0.0.tgz. Extracting by manifest.
582 silly tarball no local data for buffer-equal@https://registry.npmjs.org/buffer-equal/-/buffer-equal-0.0.1.tgz. Extracting by manifest.
583 silly tarball no local data for utif@https://registry.npmjs.org/utif/-/utif-2.0.1.tgz. Extracting by manifest.
584 silly tarball no local data for ieee754@https://registry.npmjs.org/ieee754/-/ieee754-1.2.1.tgz. Extracting by manifest.
585 silly tarball no local data for pngjs@https://registry.npmjs.org/pngjs/-/pngjs-3.4.0.tgz. Extracting by manifest.
586 silly tarball no local data for base64-js@https://registry.npmjs.org/base64-js/-/base64-js-1.5.1.tgz. Extracting by manifest.
587 silly tarball no local data for omggif@https://registry.npmjs.org/omggif/-/omggif-1.0.10.tgz. Extracting by manifest.
588 silly tarball no local data for jpeg-js@https://registry.npmjs.org/jpeg-js/-/jpeg-js-0.4.4.tgz. Extracting by manifest.
589 silly tarball no local data for gifwrap@https://registry.npmjs.org/gifwrap/-/gifwrap-0.9.4.tgz. Extracting by manifest.
590 silly tarball no local data for bmp-js@https://registry.npmjs.org/bmp-js/-/bmp-js-0.1.0.tgz. Extracting by manifest.
591 silly tarball no local data for @jimp/png@https://registry.npmjs.org/@jimp/png/-/png-0.14.0.tgz. Extracting by manifest.
592 silly tarball no local data for @jimp/tiff@https://registry.npmjs.org/@jimp/tiff/-/tiff-0.14.0.tgz. Extracting by manifest.
593 silly tarball no local data for @jimp/jpeg@https://registry.npmjs.org/@jimp/jpeg/-/jpeg-0.14.0.tgz. Extracting by manifest.
594 silly tarball no local data for timm@https://registry.npmjs.org/timm/-/timm-1.7.1.tgz. Extracting by manifest.
595 silly tarball no local data for @jimp/gif@https://registry.npmjs.org/@jimp/gif/-/gif-0.14.0.tgz. Extracting by manifest.
596 silly tarball no local data for @jimp/plugin-threshold@https://registry.npmjs.org/@jimp/plugin-threshold/-/plugin-threshold-0.14.0.tgz. Extracting by manifest.
597 silly tarball no local data for @jimp/bmp@https://registry.npmjs.org/@jimp/bmp/-/bmp-0.14.0.tgz. Extracting by manifest.
598 silly tarball no local data for @jimp/plugin-normalize@https://registry.npmjs.org/@jimp/plugin-normalize/-/plugin-normalize-0.14.0.tgz. Extracting by manifest.
599 silly tarball no local data for @jimp/plugin-shadow@https://registry.npmjs.org/@jimp/plugin-shadow/-/plugin-shadow-0.14.0.tgz. Extracting by manifest.
600 silly tarball no local data for @jimp/plugin-print@https://registry.npmjs.org/@jimp/plugin-print/-/plugin-print-0.14.0.tgz. Extracting by manifest.
601 silly tarball no local data for @jimp/plugin-mask@https://registry.npmjs.org/@jimp/plugin-mask/-/plugin-mask-0.14.0.tgz. Extracting by manifest.
602 silly tarball no local data for @jimp/plugin-gaussian@https://registry.npmjs.org/@jimp/plugin-gaussian/-/plugin-gaussian-0.14.0.tgz. Extracting by manifest.
603 silly tarball no local data for @jimp/plugin-invert@https://registry.npmjs.org/@jimp/plugin-invert/-/plugin-invert-0.14.0.tgz. Extracting by manifest.
604 silly tarball no local data for @jimp/plugin-rotate@https://registry.npmjs.org/@jimp/plugin-rotate/-/plugin-rotate-0.14.0.tgz. Extracting by manifest.
605 silly tarball no local data for @jimp/plugin-flip@https://registry.npmjs.org/@jimp/plugin-flip/-/plugin-flip-0.14.0.tgz. Extracting by manifest.
606 silly tarball no local data for @jimp/plugin-fisheye@https://registry.npmjs.org/@jimp/plugin-fisheye/-/plugin-fisheye-0.14.0.tgz. Extracting by manifest.
607 silly tarball no local data for @jimp/plugin-displace@https://registry.npmjs.org/@jimp/plugin-displace/-/plugin-displace-0.14.0.tgz. Extracting by manifest.
608 silly tarball no local data for @jimp/plugin-dither@https://registry.npmjs.org/@jimp/plugin-dither/-/plugin-dither-0.14.0.tgz. Extracting by manifest.
609 silly tarball no local data for @jimp/plugin-crop@https://registry.npmjs.org/@jimp/plugin-crop/-/plugin-crop-0.14.0.tgz. Extracting by manifest.
610 silly tarball no local data for @jimp/plugin-cover@https://registry.npmjs.org/@jimp/plugin-cover/-/plugin-cover-0.14.0.tgz. Extracting by manifest.
611 silly tarball no local data for @jimp/plugin-resize@https://registry.npmjs.org/@jimp/plugin-resize/-/plugin-resize-0.14.0.tgz. Extracting by manifest.
612 silly tarball no local data for @jimp/plugin-scale@https://registry.npmjs.org/@jimp/plugin-scale/-/plugin-scale-0.14.0.tgz. Extracting by manifest.
613 silly tarball no local data for @jimp/plugin-contain@https://registry.npmjs.org/@jimp/plugin-contain/-/plugin-contain-0.14.0.tgz. Extracting by manifest.
614 silly tarball no local data for @jimp/plugin-color@https://registry.npmjs.org/@jimp/plugin-color/-/plugin-color-0.14.0.tgz. Extracting by manifest.
615 silly tarball no local data for @jimp/plugin-circle@https://registry.npmjs.org/@jimp/plugin-circle/-/plugin-circle-0.14.0.tgz. Extracting by manifest.
616 silly tarball no local data for @jimp/plugin-blur@https://registry.npmjs.org/@jimp/plugin-blur/-/plugin-blur-0.14.0.tgz. Extracting by manifest.
617 silly tarball no local data for @jimp/plugin-blit@https://registry.npmjs.org/@jimp/plugin-blit/-/plugin-blit-0.14.0.tgz. Extracting by manifest.
618 silly tarball no local data for pixelmatch@https://registry.npmjs.org/pixelmatch/-/pixelmatch-4.0.2.tgz. Extracting by manifest.
619 silly tarball no local data for tinycolor2@https://registry.npmjs.org/tinycolor2/-/tinycolor2-1.6.0.tgz. Extracting by manifest.
620 silly tarball no local data for phin@https://registry.npmjs.org/phin/-/phin-2.9.3.tgz. Extracting by manifest.
621 silly tarball no local data for load-bmfont@https://registry.npmjs.org/load-bmfont/-/load-bmfont-1.4.2.tgz. Extracting by manifest.
622 silly tarball no local data for mkdirp@https://registry.npmjs.org/mkdirp/-/mkdirp-0.5.6.tgz. Extracting by manifest.
623 silly tarball no local data for file-type@https://registry.npmjs.org/file-type/-/file-type-9.0.0.tgz. Extracting by manifest.
624 silly tarball no local data for exif-parser@https://registry.npmjs.org/exif-parser/-/exif-parser-0.1.12.tgz. Extracting by manifest.
625 silly tarball no local data for buffer@https://registry.npmjs.org/buffer/-/buffer-5.7.1.tgz. Extracting by manifest.
626 silly tarball no local data for @jimp/utils@https://registry.npmjs.org/@jimp/utils/-/utils-0.14.0.tgz. Extracting by manifest.
627 silly tarball no local data for any-base@https://registry.npmjs.org/any-base/-/any-base-1.1.0.tgz. Extracting by manifest.
628 silly tarball no local data for regenerator-runtime@https://registry.npmjs.org/regenerator-runtime/-/regenerator-runtime-0.13.11.tgz. Extracting by manifest.
629 silly tarball no local data for @jimp/core@https://registry.npmjs.org/@jimp/core/-/core-0.14.0.tgz. Extracting by manifest.
630 silly tarball no local data for jimp@https://registry.npmjs.org/jimp/-/jimp-0.14.0.tgz. Extracting by manifest.
631 silly tarball no local data for @babel/runtime@https://registry.npmjs.org/@babel/runtime/-/runtime-7.29.7.tgz. Extracting by manifest.
632 silly tarball no local data for @jimp/types@https://registry.npmjs.org/@jimp/types/-/types-0.14.0.tgz. Extracting by manifest.
633 silly tarball no local data for @jimp/plugins@https://registry.npmjs.org/@jimp/plugins/-/plugins-0.14.0.tgz. Extracting by manifest.
634 silly tarball no local data for @resvg/resvg-js-win32-x64-msvc@https://registry.npmjs.org/@resvg/resvg-js-win32-x64-msvc/-/resvg-js-win32-x64-msvc-2.6.2.tgz. Extracting by manifest.
635 silly tarball no local data for @jimp/custom@https://registry.npmjs.org/@jimp/custom/-/custom-0.14.0.tgz. Extracting by manifest.
636 silly tarball no local data for potrace@https://registry.npmjs.org/potrace/-/potrace-2.1.8.tgz. Extracting by manifest.
637 silly tarball no local data for phin@https://registry.npmjs.org/phin/-/phin-3.7.1.tgz. Extracting by manifest.
638 silly tarball no local data for @resvg/resvg-js@https://registry.npmjs.org/@resvg/resvg-js/-/resvg-js-2.6.2.tgz. Extracting by manifest.
639 http fetch GET 200 https://registry.npmjs.org/dom-walk/-/dom-walk-0.1.2.tgz 173ms (cache miss)
640 http fetch GET 200 https://registry.npmjs.org/follow-redirects/-/follow-redirects-1.16.0.tgz 183ms (cache miss)
641 http fetch GET 200 https://registry.npmjs.org/process/-/process-0.11.10.tgz 186ms (cache miss)
642 http fetch GET 200 https://registry.npmjs.org/parse-bmfont-binary/-/parse-bmfont-binary-1.0.6.tgz 198ms (cache miss)
643 http fetch GET 200 https://registry.npmjs.org/sax/-/sax-1.6.1.tgz 204ms (cache miss)
644 http fetch GET 200 https://registry.npmjs.org/parse-bmfont-ascii/-/parse-bmfont-ascii-1.0.6.tgz 210ms (cache miss)
645 http fetch GET 200 https://registry.npmjs.org/parse-bmfont-xml/-/parse-bmfont-xml-1.1.6.tgz 230ms (cache miss)
646 http fetch GET 200 https://registry.npmjs.org/ieee754/-/ieee754-1.2.1.tgz 240ms (cache miss)
647 http fetch GET 200 https://registry.npmjs.org/centra/-/centra-2.7.0.tgz 250ms (cache miss)
648 http fetch GET 200 https://registry.npmjs.org/utif/-/utif-2.0.1.tgz 244ms (cache miss)
649 http fetch GET 200 https://registry.npmjs.org/buffer-equal/-/buffer-equal-0.0.1.tgz 267ms (cache miss)
650 http fetch GET 200 https://registry.npmjs.org/base64-js/-/base64-js-1.5.1.tgz 266ms (cache miss)
651 http fetch GET 200 https://registry.npmjs.org/xhr/-/xhr-2.6.0.tgz 287ms (cache miss)
652 http fetch GET 200 https://registry.npmjs.org/omggif/-/omggif-1.0.10.tgz 293ms (cache miss)
653 http fetch GET 200 https://registry.npmjs.org/xml-parse-from-string/-/xml-parse-from-string-1.0.1.tgz 299ms (cache miss)
654 http fetch GET 200 https://registry.npmjs.org/is-function/-/is-function-1.0.2.tgz 311ms (cache miss)
655 http fetch GET 200 https://registry.npmjs.org/timm/-/timm-1.7.1.tgz 354ms (cache miss)
656 http fetch GET 200 https://registry.npmjs.org/xtend/-/xtend-4.0.2.tgz 381ms (cache miss)
657 http fetch GET 200 https://registry.npmjs.org/parse-headers/-/parse-headers-2.0.6.tgz 393ms (cache miss)
658 http fetch GET 200 https://registry.npmjs.org/@jimp/plugin-gaussian/-/plugin-gaussian-0.14.0.tgz 382ms (cache miss)
659 http fetch GET 200 https://registry.npmjs.org/@jimp/plugin-invert/-/plugin-invert-0.14.0.tgz 392ms (cache miss)
660 http fetch GET 200 https://registry.npmjs.org/global/-/global-4.4.0.tgz 421ms (cache miss)
661 http fetch GET 200 https://registry.npmjs.org/@jimp/plugin-rotate/-/plugin-rotate-0.14.0.tgz 419ms (cache miss)
662 http fetch GET 200 https://registry.npmjs.org/mime/-/mime-1.6.0.tgz 441ms (cache miss)
663 http fetch GET 200 https://registry.npmjs.org/@jimp/plugin-fisheye/-/plugin-fisheye-0.14.0.tgz 453ms (cache miss)
664 http fetch GET 200 https://registry.npmjs.org/@jimp/plugin-displace/-/plugin-displace-0.14.0.tgz 481ms (cache miss)
665 http fetch GET 200 https://registry.npmjs.org/@jimp/plugin-contain/-/plugin-contain-0.14.0.tgz 481ms (cache miss)
666 http fetch GET 200 https://registry.npmjs.org/@jimp/plugin-cover/-/plugin-cover-0.14.0.tgz 488ms (cache miss)
667 http fetch GET 200 https://registry.npmjs.org/@jimp/plugin-scale/-/plugin-scale-0.14.0.tgz 489ms (cache miss)
668 http fetch GET 200 https://registry.npmjs.org/@jimp/plugin-circle/-/plugin-circle-0.14.0.tgz 489ms (cache miss)
669 http fetch GET 200 https://registry.npmjs.org/phin/-/phin-2.9.3.tgz 512ms (cache miss)
670 warn deprecated phin@2.9.3: Package no longer supported. Contact Support at https://www.npmjs.com/support for more info.
671 http fetch GET 200 https://registry.npmjs.org/jpeg-js/-/jpeg-js-0.4.4.tgz 546ms (cache miss)
672 http fetch GET 200 https://registry.npmjs.org/file-type/-/file-type-9.0.0.tgz 536ms (cache miss)
673 http fetch GET 200 https://registry.npmjs.org/regenerator-runtime/-/regenerator-runtime-0.13.11.tgz 563ms (cache miss)
674 http fetch GET 200 https://registry.npmjs.org/@jimp/types/-/types-0.14.0.tgz 575ms (cache miss)
675 http fetch GET 200 https://registry.npmjs.org/mkdirp/-/mkdirp-0.5.6.tgz 583ms (cache miss)
676 http fetch GET 200 https://registry.npmjs.org/@jimp/custom/-/custom-0.14.0.tgz 583ms (cache miss)
677 http fetch GET 200 https://registry.npmjs.org/load-bmfont/-/load-bmfont-1.4.2.tgz 610ms (cache miss)
678 http fetch GET 200 https://registry.npmjs.org/phin/-/phin-3.7.1.tgz 597ms (cache miss)
679 http fetch GET 200 https://registry.npmjs.org/@resvg/resvg-js/-/resvg-js-2.6.2.tgz 596ms (cache miss)
680 http fetch GET 200 https://registry.npmjs.org/@jimp/plugin-mask/-/plugin-mask-0.14.0.tgz 629ms (cache miss)
681 warn deprecated phin@3.7.1: Package no longer supported. Contact Support at https://www.npmjs.com/support for more info.
682 http fetch GET 200 https://registry.npmjs.org/@jimp/utils/-/utils-0.14.0.tgz 626ms (cache miss)
683 http fetch GET 200 https://registry.npmjs.org/@jimp/plugin-normalize/-/plugin-normalize-0.14.0.tgz 636ms (cache miss)
684 http fetch GET 200 https://registry.npmjs.org/buffer/-/buffer-5.7.1.tgz 628ms (cache miss)
685 http fetch GET 200 https://registry.npmjs.org/any-base/-/any-base-1.1.0.tgz 630ms (cache miss)
686 http fetch GET 200 https://registry.npmjs.org/@jimp/plugin-flip/-/plugin-flip-0.14.0.tgz 657ms (cache miss)
687 http fetch GET 200 https://registry.npmjs.org/@jimp/plugin-dither/-/plugin-dither-0.14.0.tgz 664ms (cache miss)
688 http fetch GET 200 https://registry.npmjs.org/xml2js/-/xml2js-0.5.0.tgz 678ms (cache miss)
689 http fetch GET 200 https://registry.npmjs.org/@jimp/plugin-shadow/-/plugin-shadow-0.14.0.tgz 677ms (cache miss)
690 http fetch GET 200 https://registry.npmjs.org/@jimp/plugin-crop/-/plugin-crop-0.14.0.tgz 711ms (cache miss)
691 http fetch GET 200 https://registry.npmjs.org/@jimp/png/-/png-0.14.0.tgz 720ms (cache miss)
692 http fetch GET 200 https://registry.npmjs.org/@jimp/gif/-/gif-0.14.0.tgz 721ms (cache miss)
693 http fetch GET 200 https://registry.npmjs.org/@jimp/plugins/-/plugins-0.14.0.tgz 732ms (cache miss)
694 http fetch GET 200 https://registry.npmjs.org/@jimp/plugin-blur/-/plugin-blur-0.14.0.tgz 756ms (cache miss)
695 http fetch GET 200 https://registry.npmjs.org/min-document/-/min-document-2.19.2.tgz 788ms (cache miss)
696 http fetch GET 200 https://registry.npmjs.org/@jimp/plugin-color/-/plugin-color-0.14.0.tgz 818ms (cache miss)
697 http fetch GET 200 https://registry.npmjs.org/@jimp/jpeg/-/jpeg-0.14.0.tgz 830ms (cache miss)
698 http fetch GET 200 https://registry.npmjs.org/minimist/-/minimist-1.2.8.tgz 859ms (cache miss)
699 http fetch GET 200 https://registry.npmjs.org/@jimp/bmp/-/bmp-0.14.0.tgz 852ms (cache miss)
700 http fetch GET 200 https://registry.npmjs.org/tinycolor2/-/tinycolor2-1.6.0.tgz 853ms (cache miss)
701 http fetch GET 200 https://registry.npmjs.org/potrace/-/potrace-2.1.8.tgz 845ms (cache miss)
702 http fetch GET 200 https://registry.npmjs.org/@jimp/plugin-threshold/-/plugin-threshold-0.14.0.tgz 940ms (cache miss)
703 http fetch GET 200 https://registry.npmjs.org/@jimp/plugin-resize/-/plugin-resize-0.14.0.tgz 940ms (cache miss)
704 http fetch GET 200 https://registry.npmjs.org/pngjs/-/pngjs-3.4.0.tgz 956ms (cache miss)
705 http fetch GET 200 https://registry.npmjs.org/exif-parser/-/exif-parser-0.1.12.tgz 949ms (cache miss)
706 http fetch GET 200 https://registry.npmjs.org/@jimp/plugin-blit/-/plugin-blit-0.14.0.tgz 997ms (cache miss)
707 http fetch GET 200 https://registry.npmjs.org/@jimp/tiff/-/tiff-0.14.0.tgz 1032ms (cache miss)
708 http fetch GET 200 https://registry.npmjs.org/bmp-js/-/bmp-js-0.1.0.tgz 1069ms (cache miss)
709 http fetch GET 200 https://registry.npmjs.org/pixelmatch/-/pixelmatch-4.0.2.tgz 1074ms (cache miss)
710 http fetch GET 200 https://registry.npmjs.org/xmlbuilder/-/xmlbuilder-11.0.1.tgz 1099ms (cache miss)
711 http fetch GET 200 https://registry.npmjs.org/pako/-/pako-1.0.11.tgz 1144ms (cache miss)
712 http fetch GET 200 https://registry.npmjs.org/@resvg/resvg-js-win32-x64-msvc/-/resvg-js-win32-x64-msvc-2.6.2.tgz 1292ms (cache miss)
713 http fetch GET 200 https://registry.npmjs.org/@types/node/-/node-16.9.1.tgz 1314ms (cache miss)
714 http fetch GET 200 https://registry.npmjs.org/@jimp/core/-/core-0.14.0.tgz 1309ms (cache miss)
715 http fetch GET 200 https://registry.npmjs.org/@jimp/plugin-print/-/plugin-print-0.14.0.tgz 1631ms (cache miss)
716 http fetch GET 200 https://registry.npmjs.org/jimp/-/jimp-0.14.0.tgz 1648ms (cache miss)
717 http fetch GET 200 https://registry.npmjs.org/gifwrap/-/gifwrap-0.9.4.tgz 1871ms (cache miss)
718 http fetch GET 200 https://registry.npmjs.org/image-q/-/image-q-4.0.0.tgz 1991ms (cache miss)
719 http fetch GET 200 https://registry.npmjs.org/@babel/runtime/-/runtime-7.29.7.tgz 2063ms (cache miss)
720 silly ADD node_modules/follow-redirects
721 silly ADD node_modules/centra
722 silly ADD node_modules/xmlbuilder
723 silly ADD node_modules/sax
724 silly ADD node_modules/dom-walk
725 silly ADD node_modules/process
726 silly ADD node_modules/min-document
727 silly ADD node_modules/parse-headers
728 silly ADD node_modules/is-function
729 silly ADD node_modules/global
730 silly ADD node_modules/pako
731 silly ADD node_modules/xml2js
732 silly ADD node_modules/xml-parse-from-string
733 silly ADD node_modules/minimist
734 silly ADD node_modules/xtend
735 silly ADD node_modules/xhr
736 silly ADD node_modules/parse-bmfont-xml
737 silly ADD node_modules/parse-bmfont-binary
738 silly ADD node_modules/parse-bmfont-ascii
739 silly ADD node_modules/mime
740 silly ADD node_modules/buffer-equal
741 silly ADD node_modules/@types/node
742 silly ADD node_modules/image-q
743 silly ADD node_modules/ieee754
744 silly ADD node_modules/base64-js
745 silly ADD node_modules/utif
746 silly ADD node_modules/pngjs
747 silly ADD node_modules/jpeg-js
748 silly ADD node_modules/omggif
749 silly ADD node_modules/gifwrap
750 silly ADD node_modules/bmp-js
751 silly ADD node_modules/@jimp/tiff
752 silly ADD node_modules/@jimp/png
753 silly ADD node_modules/@jimp/jpeg
754 silly ADD node_modules/@jimp/gif
755 silly ADD node_modules/@jimp/bmp
756 silly ADD node_modules/timm
757 silly ADD node_modules/@jimp/plugin-threshold
758 silly ADD node_modules/@jimp/plugin-shadow
759 silly ADD node_modules/@jimp/plugin-print
760 silly ADD node_modules/@jimp/plugin-normalize
761 silly ADD node_modules/@jimp/plugin-mask
762 silly ADD node_modules/@jimp/plugin-invert
763 silly ADD node_modules/@jimp/plugin-gaussian
764 silly ADD node_modules/@jimp/plugin-rotate
765 silly ADD node_modules/@jimp/plugin-flip
766 silly ADD node_modules/@jimp/plugin-fisheye
767 silly ADD node_modules/@jimp/plugin-dither
768 silly ADD node_modules/@jimp/plugin-displace
769 silly ADD node_modules/@jimp/plugin-crop
770 silly ADD node_modules/@jimp/plugin-cover
771 silly ADD node_modules/@jimp/plugin-resize
772 silly ADD node_modules/@jimp/plugin-scale
773 silly ADD node_modules/@jimp/plugin-contain
774 silly ADD node_modules/@jimp/plugin-color
775 silly ADD node_modules/@jimp/plugin-circle
776 silly ADD node_modules/@jimp/plugin-blur
777 silly ADD node_modules/@jimp/plugin-blit
778 silly ADD node_modules/tinycolor2
779 silly ADD node_modules/pixelmatch
780 silly ADD node_modules/phin
781 silly ADD node_modules/mkdirp
782 silly ADD node_modules/load-bmfont
783 silly ADD node_modules/load-bmfont/node_modules/phin
784 silly ADD node_modules/file-type
785 silly ADD node_modules/exif-parser
786 silly ADD node_modules/buffer
787 silly ADD node_modules/any-base
788 silly ADD node_modules/@jimp/utils
789 silly ADD node_modules/@jimp/core
790 silly ADD node_modules/regenerator-runtime
791 silly ADD node_modules/@jimp/types
792 silly ADD node_modules/@jimp/plugins
793 silly ADD node_modules/@jimp/custom
794 silly ADD node_modules/@babel/runtime
795 silly ADD node_modules/jimp
796 silly ADD node_modules/@resvg/resvg-js-win32-x64-msvc
797 silly ADD node_modules/potrace
798 silly ADD node_modules/@resvg/resvg-js
799 verbose cwd C:\Projects\Canvas Kits
800 verbose os Windows_NT 10.0.26200
801 verbose node v24.14.1
802 verbose npm  v11.11.0
803 verbose exit 0
804 info ok
